// Jest Snapshot v1, https://goo.gl/fbAQLP

exports[`TabScrollButton: default 1`] = `
<div
  className="sc-AxjAm StDqN"
>
  <div
    className="Tabscrollbutton "
    data-testid="Tabscrollbutton"
  >
    <div
      aria-disabled={false}
      className="MuiButtonBase-root MuiTabScrollButton-root MuiTabScrollButton-vertical"
      onBlur={[Function]}
      onDragLeave={[Function]}
      onFocus={[Function]}
      onKeyDown={[Function]}
      onKeyUp={[Function]}
      onMouseDown={[Function]}
      onMouseLeave={[Function]}
      onMouseUp={[Function]}
      onTouchEnd={[Function]}
      onTouchMove={[Function]}
      onTouchStart={[Function]}
      role={null}
      tabIndex={null}
    >
      <svg
        aria-hidden={true}
        className="MuiSvgIcon-root MuiSvgIcon-fontSizeSmall"
        focusable="false"
        viewBox="0 0 24 24"
      >
        <path
          d="M8.59 16.34l4.58-4.59-4.58-4.59L10 5.75l6 6-6 6z"
        />
      </svg>
    </div>
  </div>
</div>
`;
