// Jest Snapshot v1, https://goo.gl/fbAQLP

exports[`ClickAwayListener: default 1`] = `
<div
  className="sc-AxjAm StDqN"
>
  <div
    className="Clickawaylistener "
    data-testid="Clickawaylistener"
  >
    <span
      onClick={[Function]}
      onTouchEnd={[Function]}
    >
      ClickAwayListener
    </span>
  </div>
</div>
`;
