// Jest Snapshot v1, https://goo.gl/fbAQLP

exports[`TableHead: default 1`] = `
<div
  className="sc-AxjAm StDqN"
>
  <div
    className="Tablehead "
    data-testid="Tablehead"
  >
    <thead
      className="MuiTableHead-root"
      role={null}
    >
      TableHead
    </thead>
  </div>
</div>
`;
