// Jest Snapshot v1, https://goo.gl/fbAQLP

exports[`Step: default 1`] = `
<div
  className="sc-AxjAm StDqN"
>
  <div
    className="Step "
    data-testid="Step"
  >
    <div
      className="MuiStep-root"
    >
      <span
        active={false}
        completed={false}
        disabled={false}
        expanded={false}
        icon={NaN}
      >
        Step
      </span>
    </div>
  </div>
</div>
`;
