// Jest Snapshot v1, https://goo.gl/fbAQLP

exports[`NativeSelect: default 1`] = `
<div
  className="sc-AxjAm StDqN"
>
  <div
    className="Nativeselect "
    data-testid="Nativeselect"
  >
    <div
      className="MuiInputBase-root MuiInput-root MuiInput-underline"
      onClick={[Function]}
    >
      <select
        className="MuiNativeSelect-root MuiNativeSelect-select MuiInputBase-input MuiInput-input"
        onAnimationStart={[Function]}
        onBlur={[Function]}
        onChange={[Function]}
        onFocus={[Function]}
      >
        NativeSelect
      </select>
      <svg
        aria-hidden={true}
        className="MuiSvgIcon-root MuiNativeSelect-icon"
        focusable="false"
        viewBox="0 0 24 24"
      >
        <path
          d="M7 10l5 5 5-5z"
        />
      </svg>
    </div>
  </div>
</div>
`;
