// Jest Snapshot v1, https://goo.gl/fbAQLP

exports[`BottomNavigationAction: default 1`] = `
<div
  className="sc-AxjAm StDqN"
>
  <div
    className="Bottomnavigationaction "
    data-testid="Bottomnavigationaction"
  >
    <button
      className="MuiButtonBase-root MuiBottomNavigationAction-root MuiBottomNavigationAction-iconOnly"
      disabled={false}
      onBlur={[Function]}
      onClick={[Function]}
      onDragLeave={[Function]}
      onFocus={[Function]}
      onKeyDown={[Function]}
      onKeyUp={[Function]}
      onMouseDown={[Function]}
      onMouseLeave={[Function]}
      onMouseUp={[Function]}
      onTouchEnd={[Function]}
      onTouchMove={[Function]}
      onTouchStart={[Function]}
      tabIndex={0}
      type="button"
    >
      <span
        className="MuiBottomNavigationAction-wrapper"
      >
        <span
          className="MuiBottomNavigationAction-label MuiBottomNavigationAction-iconOnly"
        />
      </span>
    </button>
  </div>
</div>
`;
