// Jest Snapshot v1, https://goo.gl/fbAQLP

exports[`Breadcrumbs: default 1`] = `
<div
  className="sc-AxjAm StDqN"
>
  <div
    className="Breadcrumbs "
    data-testid="Breadcrumbs"
  >
    <nav
      className="MuiTypography-root MuiBreadcrumbs-root MuiTypography-body1 MuiTypography-colorTextSecondary"
    >
      <ol
        className="MuiBreadcrumbs-ol"
      >
        <li
          className="MuiBreadcrumbs-li"
        >
          <span>
            1
          </span>
        </li>
        <li
          aria-hidden={true}
          className="MuiBreadcrumbs-separator"
        >
          /
        </li>
        <li
          className="MuiBreadcrumbs-li"
        >
          <span>
            2
          </span>
        </li>
        <li
          aria-hidden={true}
          className="MuiBreadcrumbs-separator"
        >
          /
        </li>
        <li
          className="MuiBreadcrumbs-li"
        >
          <span>
            3
          </span>
        </li>
      </ol>
    </nav>
  </div>
</div>
`;
