// Jest Snapshot v1, https://goo.gl/fbAQLP

exports[`ExpansionPanelActions: default 1`] = `
<div
  className="sc-AxjAm StDqN"
>
  <div
    className="Expansionpanelactions "
    data-testid="Expansionpanelactions"
  >
    <div
      className="MuiExpansionPanelActions-root MuiExpansionPanelActions-spacing"
    >
      ExpansionPanelActions
    </div>
  </div>
</div>
`;
