// Jest Snapshot v1, https://goo.gl/fbAQLP

exports[`Input: default 1`] = `
<div
  className="sc-AxjAm StDqN"
>
  <div
    className="Input "
    data-testid="Input"
  >
    <div
      className="MuiInputBase-root MuiInput-root MuiInput-underline"
      onClick={[Function]}
    >
      <input
        className="MuiInputBase-input MuiInput-input"
        onAnimationStart={[Function]}
        onBlur={[Function]}
        onChange={[Function]}
        onFocus={[Function]}
        type="text"
      />
    </div>
  </div>
</div>
`;
