// Jest Snapshot v1, https://goo.gl/fbAQLP

exports[`OutlinedInput: default 1`] = `
<div
  className="sc-AxjAm StDqN"
>
  <div
    className="Outlinedinput "
    data-testid="Outlinedinput"
  >
    <div
      className="MuiInputBase-root MuiOutlinedInput-root"
      onClick={[Function]}
    >
      <input
        className="MuiInputBase-input MuiOutlinedInput-input"
        onAnimationStart={[Function]}
        onBlur={[Function]}
        onChange={[Function]}
        onFocus={[Function]}
        type="text"
      />
      <fieldset
        aria-hidden={true}
        className="PrivateNotchedOutline-root-1 MuiOutlinedInput-notchedOutline"
        style={
          Object {
            "paddingLeft": 8,
          }
        }
      >
        <legend
          className="PrivateNotchedOutline-legend-2"
          style={
            Object {
              "width": 0.01,
            }
          }
        >
          <span
            dangerouslySetInnerHTML={
              Object {
                "__html": "&#8203;",
              }
            }
          />
        </legend>
      </fieldset>
    </div>
  </div>
</div>
`;
