// Jest Snapshot v1, https://goo.gl/fbAQLP

exports[`Toolbar: default 1`] = `
<div
  className="sc-AxjAm StDqN"
>
  <div
    className="Toolbar "
    data-testid="Toolbar"
  >
    <div
      className="MuiToolbar-root MuiToolbar-regular MuiToolbar-gutters"
    >
      Toolbar
    </div>
  </div>
</div>
`;
