// Jest Snapshot v1, https://goo.gl/fbAQLP

exports[`CardActionArea: default 1`] = `
<div
  className="sc-AxjAm StDqN"
>
  <div
    className="Cardactionarea "
    data-testid="Cardactionarea"
  >
    <button
      className="MuiButtonBase-root MuiCardActionArea-root"
      disabled={false}
      onBlur={[Function]}
      onDragLeave={[Function]}
      onFocus={[Function]}
      onKeyDown={[Function]}
      onKeyUp={[Function]}
      onMouseDown={[Function]}
      onMouseLeave={[Function]}
      onMouseUp={[Function]}
      onTouchEnd={[Function]}
      onTouchMove={[Function]}
      onTouchStart={[Function]}
      tabIndex={0}
      type="button"
    >
      CardActionArea
      <span
        className="MuiCardActionArea-focusHighlight"
      />
    </button>
  </div>
</div>
`;
