// Jest Snapshot v1, https://goo.gl/fbAQLP

exports[`ListItemText: default 1`] = `
<div
  className="sc-AxjAm StDqN"
>
  <div
    className="Listitemtext "
    data-testid="Listitemtext"
  >
    <div
      className="MuiListItemText-root"
    >
      <span
        className="MuiTypography-root MuiListItemText-primary MuiTypography-body1 MuiTypography-displayBlock"
      >
        ListItemText
      </span>
    </div>
  </div>
</div>
`;
