// Jest Snapshot v1, https://goo.gl/fbAQLP

exports[`TableContainer: default 1`] = `
<div
  className="sc-AxjAm StDqN"
>
  <div
    className="Tablecontainer "
    data-testid="Tablecontainer"
  >
    <div
      className="MuiTableContainer-root"
    >
      TableContainer
    </div>
  </div>
</div>
`;
