// Jest Snapshot v1, https://goo.gl/fbAQLP

exports[`Typography: default 1`] = `
<div
  className="sc-AxjAm StDqN"
>
  <div
    className="Typography "
    data-testid="Typography"
  >
    <p
      className="MuiTypography-root MuiTypography-body1"
    >
      Typography
    </p>
  </div>
</div>
`;
