// Jest Snapshot v1, https://goo.gl/fbAQLP

exports[`ExpansionPanel: default 1`] = `
<div
  className="sc-AxjAm StDqN"
>
  <div
    className="Expansionpanel "
    data-testid="Expansionpanel"
  >
    <div
      className="MuiPaper-root MuiExpansionPanel-root MuiExpansionPanel-rounded MuiPaper-elevation1 MuiPaper-rounded"
    >
      ExpansionPanel
      <div
        className="MuiCollapse-container MuiCollapse-hidden"
        style={
          Object {
            "minHeight": "0px",
          }
        }
      >
        <div
          className="MuiCollapse-wrapper"
        >
          <div
            className="MuiCollapse-wrapperInner"
          >
            <div
              role="region"
            />
          </div>
        </div>
      </div>
    </div>
  </div>
</div>
`;
