// Jest Snapshot v1, https://goo.gl/fbAQLP

exports[`Card: default 1`] = `
<div
  className="sc-AxjAm StDqN"
>
  <div
    className="Card "
    data-testid="Card"
  >
    <div
      className="MuiPaper-root MuiCard-root MuiPaper-elevation1 MuiPaper-rounded"
    >
      Card
    </div>
  </div>
</div>
`;
