// Jest Snapshot v1, https://goo.gl/fbAQLP

exports[`TableSortLabel: default 1`] = `
<div
  className="sc-AxjAm StDqN"
>
  <div
    className="Tablesortlabel "
    data-testid="Tablesortlabel"
  >
    <span
      aria-disabled={false}
      className="MuiButtonBase-root MuiTableSortLabel-root"
      onBlur={[Function]}
      onDragLeave={[Function]}
      onFocus={[Function]}
      onKeyDown={[Function]}
      onKeyUp={[Function]}
      onMouseDown={[Function]}
      onMouseLeave={[Function]}
      onMouseUp={[Function]}
      onTouchEnd={[Function]}
      onTouchMove={[Function]}
      onTouchStart={[Function]}
      role="button"
      tabIndex={0}
    >
      TableSortLabel
      <svg
        aria-hidden={true}
        className="MuiSvgIcon-root MuiTableSortLabel-icon MuiTableSortLabel-iconDirectionAsc"
        focusable="false"
        viewBox="0 0 24 24"
      >
        <path
          d="M20 12l-1.41-1.41L13 16.17V4h-2v12.17l-5.58-5.59L4 12l8 8 8-8z"
        />
      </svg>
    </span>
  </div>
</div>
`;
